// Jest Snapshot v1, https://goo.gl/fbAQLP

exports[`render material data non remote: 2nd page 1`] = `
"Snapshot Diff:
- First value
+ Second value

@@ -117,194 +117,61 @@
            class=\\"MuiTableRow-root css-1q1u3t4-MuiTableRow-root\\"
          >
            <td
              class=\\"MuiTableCell-root MuiTableCell-body MuiTableCell-sizeMedium css-1ex1afd-MuiTableCell-root\\"
            >
-             1
-           </td>
-           <td
-             class=\\"MuiTableCell-root MuiTableCell-body MuiTableCell-sizeMedium css-1ex1afd-MuiTableCell-root\\"
-           >
-             Address 0
-           </td>
-           <td
-             class=\\"MuiTableCell-root MuiTableCell-body MuiTableCell-sizeMedium css-1ex1afd-MuiTableCell-root\\"
-           >
-             30000000000000000
-           </td>
-         </tr>
-         <tr
-           class=\\"MuiTableRow-root css-1q1u3t4-MuiTableRow-root\\"
-         >
-           <td
-             class=\\"MuiTableCell-root MuiTableCell-body MuiTableCell-sizeMedium css-1ex1afd-MuiTableCell-root\\"
-           >
-             2
-           </td>
-           <td
-             class=\\"MuiTableCell-root MuiTableCell-body MuiTableCell-sizeMedium css-1ex1afd-MuiTableCell-root\\"
-           >
-             Address 1
-           </td>
-           <td
-             class=\\"MuiTableCell-root MuiTableCell-body MuiTableCell-sizeMedium css-1ex1afd-MuiTableCell-root\\"
-           >
-             15000000000000000
-           </td>
-         </tr>
-         <tr
-           class=\\"MuiTableRow-root css-1q1u3t4-MuiTableRow-root\\"
-         >
-           <td
-             class=\\"MuiTableCell-root MuiTableCell-body MuiTableCell-sizeMedium css-1ex1afd-MuiTableCell-root\\"
-           >
-             3
-           </td>
-           <td
-             class=\\"MuiTableCell-root MuiTableCell-body MuiTableCell-sizeMedium css-1ex1afd-MuiTableCell-root\\"
-           >
-             Address 2
-           </td>
-           <td
-             class=\\"MuiTableCell-root MuiTableCell-body MuiTableCell-sizeMedium css-1ex1afd-MuiTableCell-root\\"
-           >
-             13000000000000000
-           </td>
-         </tr>
-         <tr
-           class=\\"MuiTableRow-root css-1q1u3t4-MuiTableRow-root\\"
-         >
-           <td
-             class=\\"MuiTableCell-root MuiTableCell-body MuiTableCell-sizeMedium css-1ex1afd-MuiTableCell-root\\"
-           >
-             4
-           </td>
-           <td
-             class=\\"MuiTableCell-root MuiTableCell-body MuiTableCell-sizeMedium css-1ex1afd-MuiTableCell-root\\"
-           >
-             Address 3
-           </td>
-           <td
-             class=\\"MuiTableCell-root MuiTableCell-body MuiTableCell-sizeMedium css-1ex1afd-MuiTableCell-root\\"
-           >
-             11005900000000000
-           </td>
-         </tr>
-         <tr
-           class=\\"MuiTableRow-root css-1q1u3t4-MuiTableRow-root\\"
-         >
-           <td
-             class=\\"MuiTableCell-root MuiTableCell-body MuiTableCell-sizeMedium css-1ex1afd-MuiTableCell-root\\"
-           >
-             5
-           </td>
-           <td
-             class=\\"MuiTableCell-root MuiTableCell-body MuiTableCell-sizeMedium css-1ex1afd-MuiTableCell-root\\"
-           >
-             Address 4
-           </td>
-           <td
-             class=\\"MuiTableCell-root MuiTableCell-body MuiTableCell-sizeMedium css-1ex1afd-MuiTableCell-root\\"
-           >
-             7319042766402946
-           </td>
-         </tr>
-         <tr
-           class=\\"MuiTableRow-root css-1q1u3t4-MuiTableRow-root\\"
-         >
-           <td
-             class=\\"MuiTableCell-root MuiTableCell-body MuiTableCell-sizeMedium css-1ex1afd-MuiTableCell-root\\"
-           >
-             6
+             21
            </td>
            <td
              class=\\"MuiTableCell-root MuiTableCell-body MuiTableCell-sizeMedium css-1ex1afd-MuiTableCell-root\\"
            >
-             Address 5
+             Address 10
            </td>
            <td
              class=\\"MuiTableCell-root MuiTableCell-body MuiTableCell-sizeMedium css-1ex1afd-MuiTableCell-root\\"
            >
-             5063241593207542
+             112578405711671
            </td>
          </tr>
          <tr
            class=\\"MuiTableRow-root css-1q1u3t4-MuiTableRow-root\\"
          >
            <td
              class=\\"MuiTableCell-root MuiTableCell-body MuiTableCell-sizeMedium css-1ex1afd-MuiTableCell-root\\"
            >
-             7
+             22
            </td>
            <td
              class=\\"MuiTableCell-root MuiTableCell-body MuiTableCell-sizeMedium css-1ex1afd-MuiTableCell-root\\"
            >
-             Address 6
+             Address 11
            </td>
            <td
              class=\\"MuiTableCell-root MuiTableCell-body MuiTableCell-sizeMedium css-1ex1afd-MuiTableCell-root\\"
            >
-             3476539541373954
+             86223923604685
            </td>
          </tr>
          <tr
            class=\\"MuiTableRow-root css-1q1u3t4-MuiTableRow-root\\"
          >
            <td
              class=\\"MuiTableCell-root MuiTableCell-body MuiTableCell-sizeMedium css-1ex1afd-MuiTableCell-root\\"
            >
-             8
+             23
            </td>
            <td
              class=\\"MuiTableCell-root MuiTableCell-body MuiTableCell-sizeMedium css-1ex1afd-MuiTableCell-root\\"
            >
-             Address 7
+             Address 12
            </td>
            <td
              class=\\"MuiTableCell-root MuiTableCell-body MuiTableCell-sizeMedium css-1ex1afd-MuiTableCell-root\\"
            >
-             2870259209778666
-           </td>
-         </tr>
-         <tr
-           class=\\"MuiTableRow-root css-1q1u3t4-MuiTableRow-root\\"
-         >
-           <td
-             class=\\"MuiTableCell-root MuiTableCell-body MuiTableCell-sizeMedium css-1ex1afd-MuiTableCell-root\\"
-           >
-             9
-           </td>
-           <td
-             class=\\"MuiTableCell-root MuiTableCell-body MuiTableCell-sizeMedium css-1ex1afd-MuiTableCell-root\\"
-           >
-             Address 8
-           </td>
-           <td
-             class=\\"MuiTableCell-root MuiTableCell-body MuiTableCell-sizeMedium css-1ex1afd-MuiTableCell-root\\"
-           >
-             1252542089958956
+             80680176026938
            </td>
          </tr>
-         <tr
-           class=\\"MuiTableRow-root css-1q1u3t4-MuiTableRow-root\\"
-         >
-           <td
-             class=\\"MuiTableCell-root MuiTableCell-body MuiTableCell-sizeMedium css-1ex1afd-MuiTableCell-root\\"
-           >
-             10
-           </td>
-           <td
-             class=\\"MuiTableCell-root MuiTableCell-body MuiTableCell-sizeMedium css-1ex1afd-MuiTableCell-root\\"
-           >
-             Address 9
-           </td>
-           <td
-             class=\\"MuiTableCell-root MuiTableCell-body MuiTableCell-sizeMedium css-1ex1afd-MuiTableCell-root\\"
-           >
-             150000027972734
-           </td>
-         </tr>
        </tbody>
      </table>
    </div>
    <div
      class=\\"MuiTablePagination-root css-jtlhu6-MuiTablePagination-root\\"
@@ -355,20 +222,19 @@
          </svg>
        </div>
        <p
          class=\\"MuiTablePagination-displayedRows css-levciy-MuiTablePagination-displayedRows\\"
        >
-         1â€“10 of 13
+         11â€“13 of 13
        </p>
        <div
          class=\\"MuiTablePagination-actions\\"
        >
          <button
            aria-label=\\"Go to previous page\\"
-           class=\\"MuiButtonBase-root Mui-disabled MuiIconButton-root Mui-disabled MuiIconButton-colorInherit MuiIconButton-sizeMedium css-zylse7-MuiButtonBase-root-MuiIconButton-root\\"
-           disabled=\\"\\"
-           tabindex=\\"-1\\"
+           class=\\"MuiButtonBase-root MuiIconButton-root MuiIconButton-colorInherit MuiIconButton-sizeMedium css-zylse7-MuiButtonBase-root-MuiIconButton-root\\"
+           tabindex=\\"0\\"
            title=\\"Go to previous page\\"
            type=\\"button\\"
          >
            <svg
              aria-hidden=\\"true\\"
@@ -379,15 +245,19 @@
            >
              <path
                d=\\"M15.41 16.09l-4.58-4.59 4.58-4.59L14 5.5l-6 6 6 6z\\"
              />
            </svg>
+           <span
+             class=\\"MuiTouchRipple-root css-8je8zh-MuiTouchRipple-root\\"
+           />
          </button>
          <button
            aria-label=\\"Go to next page\\"
-           class=\\"MuiButtonBase-root MuiIconButton-root MuiIconButton-colorInherit MuiIconButton-sizeMedium css-zylse7-MuiButtonBase-root-MuiIconButton-root\\"
-           tabindex=\\"0\\"
+           class=\\"MuiButtonBase-root Mui-disabled MuiIconButton-root Mui-disabled MuiIconButton-colorInherit MuiIconButton-sizeMedium css-zylse7-MuiButtonBase-root-MuiIconButton-root\\"
+           disabled=\\"\\"
+           tabindex=\\"-1\\"
            title=\\"Go to next page\\"
            type=\\"button\\"
          >
            <svg
              aria-hidden=\\"true\\"
@@ -398,13 +268,10 @@
            >
              <path
                d=\\"M8.59 16.34l4.58-4.59-4.58-4.59L10 5.75l6 6-6 6z\\"
              />
            </svg>
-           <span
-             class=\\"MuiTouchRipple-root css-8je8zh-MuiTouchRipple-root\\"
-           />
          </button>
        </div>
      </div>
    </div>
  </DocumentFragment>"
`;

exports[`render material data non remote: non remote data display 1`] = `
<DocumentFragment>
  <div
    class="MuiFormControl-root MuiTextField-root css-l3dgv9-MuiFormControl-root-MuiTextField-root"
  >
    <label
      class="MuiInputLabel-root MuiInputLabel-formControl MuiInputLabel-animated MuiInputLabel-shrink MuiInputLabel-outlined MuiFormLabel-root MuiFormLabel-colorPrimary css-1sumxir-MuiFormLabel-root-MuiInputLabel-root"
      data-shrink="true"
      for=":r0:"
      id=":r0:-label"
    >
      Search wallet
    </label>
    <div
      class="MuiOutlinedInput-root MuiInputBase-root MuiInputBase-colorPrimary MuiInputBase-formControl MuiInputBase-adornedStart MuiInputBase-adornedEnd css-2ehmn7-MuiInputBase-root-MuiOutlinedInput-root"
    >
      <div
        class="MuiInputAdornment-root MuiInputAdornment-positionStart MuiInputAdornment-outlined MuiInputAdornment-sizeMedium css-ittuaa-MuiInputAdornment-root"
      >
        <span
          class="notranslate"
        >
          â€‹
        </span>
        <svg
          aria-hidden="true"
          class="MuiSvgIcon-root MuiSvgIcon-fontSizeMedium css-i4bv87-MuiSvgIcon-root"
          data-testid="SearchIcon"
          focusable="false"
          viewBox="0 0 24 24"
        >
          <path
            d="M15.5 14h-.79l-.28-.27C15.41 12.59 16 11.11 16 9.5 16 5.91 13.09 3 9.5 3S3 5.91 3 9.5 5.91 16 9.5 16c1.61 0 3.09-.59 4.23-1.57l.27.28v.79l5 4.99L20.49 19l-4.99-5zm-6 0C7.01 14 5 11.99 5 9.5S7.01 5 9.5 5 14 7.01 14 9.5 11.99 14 9.5 14z"
          />
        </svg>
      </div>
      <input
        aria-invalid="false"
        class="MuiOutlinedInput-input MuiInputBase-input MuiInputBase-inputAdornedStart MuiInputBase-inputAdornedEnd css-152mnda-MuiInputBase-input-MuiOutlinedInput-input"
        id=":r0:"
        type="text"
        value=""
      />
      <div
        class="MuiInputAdornment-root MuiInputAdornment-positionEnd MuiInputAdornment-outlined MuiInputAdornment-sizeMedium css-1laqsz7-MuiInputAdornment-root"
      >
        <button
          class="MuiButtonBase-root MuiIconButton-root MuiIconButton-sizeMedium css-78trlr-MuiButtonBase-root-MuiIconButton-root"
          tabindex="0"
          type="button"
        >
          <svg
            aria-hidden="true"
            class="MuiSvgIcon-root MuiSvgIcon-fontSizeMedium css-i4bv87-MuiSvgIcon-root"
            data-testid="ClearIcon"
            focusable="false"
            viewBox="0 0 24 24"
          >
            <path
              d="M19 6.41 17.59 5 12 10.59 6.41 5 5 6.41 10.59 12 5 17.59 6.41 19 12 13.41 17.59 19 19 17.59 13.41 12z"
            />
          </svg>
          <span
            class="MuiTouchRipple-root css-8je8zh-MuiTouchRipple-root"
          />
        </button>
      </div>
      <fieldset
        aria-hidden="true"
        class="MuiOutlinedInput-notchedOutline css-1d3z3hw-MuiOutlinedInput-notchedOutline"
      >
        <legend
          class="css-1in441m"
        >
          <span>
            Search wallet
          </span>
        </legend>
      </fieldset>
    </div>
  </div>
  <div
    class="MuiTableContainer-root css-rorn0c-MuiTableContainer-root"
  >
    <table
      class="MuiTable-root css-rqglhn-MuiTable-root"
    >
      <thead
        class="MuiTableHead-root css-15wwp11-MuiTableHead-root"
      >
        <tr
          class="MuiTableRow-root MuiTableRow-head css-1q1u3t4-MuiTableRow-root"
        >
          <th
            class="MuiTableCell-root MuiTableCell-head MuiTableCell-sizeMedium css-1ygcj2i-MuiTableCell-root"
            scope="col"
          >
            Rank
          </th>
          <th
            class="MuiTableCell-root MuiTableCell-head MuiTableCell-sizeMedium css-1ygcj2i-MuiTableCell-root"
            scope="col"
          >
            Address
          </th>
          <th
            class="MuiTableCell-root MuiTableCell-head MuiTableCell-sizeMedium css-1ygcj2i-MuiTableCell-root"
            scope="col"
          >
            Amount
          </th>
        </tr>
      </thead>
      <tbody
        class="MuiTableBody-root css-apqrd9-MuiTableBody-root"
      >
        <tr
          class="MuiTableRow-root css-1q1u3t4-MuiTableRow-root"
        >
          <td
            class="MuiTableCell-root MuiTableCell-body MuiTableCell-sizeMedium css-1ex1afd-MuiTableCell-root"
          >
            1
          </td>
          <td
            class="MuiTableCell-root MuiTableCell-body MuiTableCell-sizeMedium css-1ex1afd-MuiTableCell-root"
          >
            Address 0
          </td>
          <td
            class="MuiTableCell-root MuiTableCell-body MuiTableCell-sizeMedium css-1ex1afd-MuiTableCell-root"
          >
            30000000000000000
          </td>
        </tr>
        <tr
          class="MuiTableRow-root css-1q1u3t4-MuiTableRow-root"
        >
          <td
            class="MuiTableCell-root MuiTableCell-body MuiTableCell-sizeMedium css-1ex1afd-MuiTableCell-root"
          >
            2
          </td>
          <td
            class="MuiTableCell-root MuiTableCell-body MuiTableCell-sizeMedium css-1ex1afd-MuiTableCell-root"
          >
            Address 1
          </td>
          <td
            class="MuiTableCell-root MuiTableCell-body MuiTableCell-sizeMedium css-1ex1afd-MuiTableCell-root"
          >
            15000000000000000
          </td>
        </tr>
        <tr
          class="MuiTableRow-root css-1q1u3t4-MuiTableRow-root"
        >
          <td
            class="MuiTableCell-root MuiTableCell-body MuiTableCell-sizeMedium css-1ex1afd-MuiTableCell-root"
          >
            3
          </td>
          <td
            class="MuiTableCell-root MuiTableCell-body MuiTableCell-sizeMedium css-1ex1afd-MuiTableCell-root"
          >
            Address 2
          </td>
          <td
            class="MuiTableCell-root MuiTableCell-body MuiTableCell-sizeMedium css-1ex1afd-MuiTableCell-root"
          >
            13000000000000000
          </td>
        </tr>
        <tr
          class="MuiTableRow-root css-1q1u3t4-MuiTableRow-root"
        >
          <td
            class="MuiTableCell-root MuiTableCell-body MuiTableCell-sizeMedium css-1ex1afd-MuiTableCell-root"
          >
            4
          </td>
          <td
            class="MuiTableCell-root MuiTableCell-body MuiTableCell-sizeMedium css-1ex1afd-MuiTableCell-root"
          >
            Address 3
          </td>
          <td
            class="MuiTableCell-root MuiTableCell-body MuiTableCell-sizeMedium css-1ex1afd-MuiTableCell-root"
          >
            11005900000000000
          </td>
        </tr>
        <tr
          class="MuiTableRow-root css-1q1u3t4-MuiTableRow-root"
        >
          <td
            class="MuiTableCell-root MuiTableCell-body MuiTableCell-sizeMedium css-1ex1afd-MuiTableCell-root"
          >
            5
          </td>
          <td
            class="MuiTableCell-root MuiTableCell-body MuiTableCell-sizeMedium css-1ex1afd-MuiTableCell-root"
          >
            Address 4
          </td>
          <td
            class="MuiTableCell-root MuiTableCell-body MuiTableCell-sizeMedium css-1ex1afd-MuiTableCell-root"
          >
            7319042766402946
          </td>
        </tr>
        <tr
          class="MuiTableRow-root css-1q1u3t4-MuiTableRow-root"
        >
          <td
            class="MuiTableCell-root MuiTableCell-body MuiTableCell-sizeMedium css-1ex1afd-MuiTableCell-root"
          >
            6
          </td>
          <td
            class="MuiTableCell-root MuiTableCell-body MuiTableCell-sizeMedium css-1ex1afd-MuiTableCell-root"
          >
            Address 5
          </td>
          <td
            class="MuiTableCell-root MuiTableCell-body MuiTableCell-sizeMedium css-1ex1afd-MuiTableCell-root"
          >
            5063241593207542
          </td>
        </tr>
        <tr
          class="MuiTableRow-root css-1q1u3t4-MuiTableRow-root"
        >
          <td
            class="MuiTableCell-root MuiTableCell-body MuiTableCell-sizeMedium css-1ex1afd-MuiTableCell-root"
          >
            7
          </td>
          <td
            class="MuiTableCell-root MuiTableCell-body MuiTableCell-sizeMedium css-1ex1afd-MuiTableCell-root"
          >
            Address 6
          </td>
          <td
            class="MuiTableCell-root MuiTableCell-body MuiTableCell-sizeMedium css-1ex1afd-MuiTableCell-root"
          >
            3476539541373954
          </td>
        </tr>
        <tr
          class="MuiTableRow-root css-1q1u3t4-MuiTableRow-root"
        >
          <td
            class="MuiTableCell-root MuiTableCell-body MuiTableCell-sizeMedium css-1ex1afd-MuiTableCell-root"
          >
            8
          </td>
          <td
            class="MuiTableCell-root MuiTableCell-body MuiTableCell-sizeMedium css-1ex1afd-MuiTableCell-root"
          >
            Address 7
          </td>
          <td
            class="MuiTableCell-root MuiTableCell-body MuiTableCell-sizeMedium css-1ex1afd-MuiTableCell-root"
          >
            2870259209778666
          </td>
        </tr>
        <tr
          class="MuiTableRow-root css-1q1u3t4-MuiTableRow-root"
        >
          <td
            class="MuiTableCell-root MuiTableCell-body MuiTableCell-sizeMedium css-1ex1afd-MuiTableCell-root"
          >
            9
          </td>
          <td
            class="MuiTableCell-root MuiTableCell-body MuiTableCell-sizeMedium css-1ex1afd-MuiTableCell-root"
          >
            Address 8
          </td>
          <td
            class="MuiTableCell-root MuiTableCell-body MuiTableCell-sizeMedium css-1ex1afd-MuiTableCell-root"
          >
            1252542089958956
          </td>
        </tr>
        <tr
          class="MuiTableRow-root css-1q1u3t4-MuiTableRow-root"
        >
          <td
            class="MuiTableCell-root MuiTableCell-body MuiTableCell-sizeMedium css-1ex1afd-MuiTableCell-root"
          >
            10
          </td>
          <td
            class="MuiTableCell-root MuiTableCell-body MuiTableCell-sizeMedium css-1ex1afd-MuiTableCell-root"
          >
            Address 9
          </td>
          <td
            class="MuiTableCell-root MuiTableCell-body MuiTableCell-sizeMedium css-1ex1afd-MuiTableCell-root"
          >
            150000027972734
          </td>
        </tr>
      </tbody>
    </table>
  </div>
  <div
    class="MuiTablePagination-root css-jtlhu6-MuiTablePagination-root"
  >
    <div
      class="MuiToolbar-root MuiToolbar-gutters MuiToolbar-regular MuiTablePagination-toolbar css-78c6dr-MuiToolbar-root-MuiTablePagination-toolbar"
    >
      <div
        class="MuiTablePagination-spacer css-1psng7p-MuiTablePagination-spacer"
      />
      <p
        class="MuiTablePagination-selectLabel css-pdct74-MuiTablePagination-selectLabel"
        id=":r2:"
      >
        Rows per page:
      </p>
      <div
        class="MuiInputBase-root MuiInputBase-colorPrimary css-16c50h-MuiInputBase-root-MuiTablePagination-select"
        variant="standard"
      >
        <div
          aria-expanded="false"
          aria-haspopup="listbox"
          aria-labelledby=":r2: :r1:"
          class="MuiTablePagination-select MuiSelect-select MuiSelect-standard MuiInputBase-input css-194a1fa-MuiSelect-select-MuiInputBase-input"
          id=":r1:"
          role="button"
          tabindex="0"
        >
          10
        </div>
        <input
          aria-hidden="true"
          class="MuiSelect-nativeInput css-yf8vq0-MuiSelect-nativeInput"
          tabindex="-1"
          value="10"
        />
        <svg
          aria-hidden="true"
          class="MuiSvgIcon-root MuiSvgIcon-fontSizeMedium MuiTablePagination-selectIcon MuiSelect-icon MuiSelect-iconStandard css-pqjvzy-MuiSvgIcon-root-MuiSelect-icon"
          data-testid="ArrowDropDownIcon"
          focusable="false"
          viewBox="0 0 24 24"
        >
          <path
            d="M7 10l5 5 5-5z"
          />
        </svg>
      </div>
      <p
        class="MuiTablePagination-displayedRows css-levciy-MuiTablePagination-displayedRows"
      >
        1â€“10 of 13
      </p>
      <div
        class="MuiTablePagination-actions"
      >
        <button
          aria-label="Go to previous page"
          class="MuiButtonBase-root Mui-disabled MuiIconButton-root Mui-disabled MuiIconButton-colorInherit MuiIconButton-sizeMedium css-zylse7-MuiButtonBase-root-MuiIconButton-root"
          disabled=""
          tabindex="-1"
          title="Go to previous page"
          type="button"
        >
          <svg
            aria-hidden="true"
            class="MuiSvgIcon-root MuiSvgIcon-fontSizeMedium css-i4bv87-MuiSvgIcon-root"
            data-testid="KeyboardArrowLeftIcon"
            focusable="false"
            viewBox="0 0 24 24"
          >
            <path
              d="M15.41 16.09l-4.58-4.59 4.58-4.59L14 5.5l-6 6 6 6z"
            />
          </svg>
        </button>
        <button
          aria-label="Go to next page"
          class="MuiButtonBase-root MuiIconButton-root MuiIconButton-colorInherit MuiIconButton-sizeMedium css-zylse7-MuiButtonBase-root-MuiIconButton-root"
          tabindex="0"
          title="Go to next page"
          type="button"
        >
          <svg
            aria-hidden="true"
            class="MuiSvgIcon-root MuiSvgIcon-fontSizeMedium css-i4bv87-MuiSvgIcon-root"
            data-testid="KeyboardArrowRightIcon"
            focusable="false"
            viewBox="0 0 24 24"
          >
            <path
              d="M8.59 16.34l4.58-4.59-4.58-4.59L10 5.75l6 6-6 6z"
            />
          </svg>
          <span
            class="MuiTouchRipple-root css-8je8zh-MuiTouchRipple-root"
          />
        </button>
      </div>
    </div>
  </div>
</DocumentFragment>
`;

exports[`render material data non remote: used global filter 1`] = `
"Snapshot Diff:
- First value
+ Second value

@@ -1,19 +1,19 @@
  <DocumentFragment>
    <div
      class=\\"MuiFormControl-root MuiTextField-root css-l3dgv9-MuiFormControl-root-MuiTextField-root\\"
    >
      <label
-       class=\\"MuiInputLabel-root MuiInputLabel-formControl MuiInputLabel-animated MuiInputLabel-shrink MuiInputLabel-outlined MuiFormLabel-root MuiFormLabel-colorPrimary css-1sumxir-MuiFormLabel-root-MuiInputLabel-root\\"
+       class=\\"MuiInputLabel-root MuiInputLabel-formControl MuiInputLabel-animated MuiInputLabel-shrink MuiInputLabel-outlined MuiFormLabel-root MuiFormLabel-colorPrimary MuiFormLabel-filled Mui-focused css-1sumxir-MuiFormLabel-root-MuiInputLabel-root\\"
        data-shrink=\\"true\\"
        for=\\":r0:\\"
        id=\\":r0:-label\\"
      >
        Search wallet
      </label>
      <div
-       class=\\"MuiOutlinedInput-root MuiInputBase-root MuiInputBase-colorPrimary MuiInputBase-formControl MuiInputBase-adornedStart MuiInputBase-adornedEnd css-2ehmn7-MuiInputBase-root-MuiOutlinedInput-root\\"
+       class=\\"MuiOutlinedInput-root MuiInputBase-root MuiInputBase-colorPrimary Mui-focused MuiInputBase-formControl MuiInputBase-adornedStart MuiInputBase-adornedEnd css-2ehmn7-MuiInputBase-root-MuiOutlinedInput-root\\"
      >
        <div
          class=\\"MuiInputAdornment-root MuiInputAdornment-positionStart MuiInputAdornment-outlined MuiInputAdornment-sizeMedium css-ittuaa-MuiInputAdornment-root\\"
        >
          <span
@@ -36,11 +36,11 @@
        <input
          aria-invalid=\\"false\\"
          class=\\"MuiOutlinedInput-input MuiInputBase-input MuiInputBase-inputAdornedStart MuiInputBase-inputAdornedEnd css-152mnda-MuiInputBase-input-MuiOutlinedInput-input\\"
          id=\\":r0:\\"
          type=\\"text\\"
-         value=\\"\\"
+         value=\\"Address 3\\"
        />
        <div
          class=\\"MuiInputAdornment-root MuiInputAdornment-positionEnd MuiInputAdornment-outlined MuiInputAdornment-sizeMedium css-1laqsz7-MuiInputAdornment-root\\"
        >
          <button
@@ -117,60 +117,22 @@
            class=\\"MuiTableRow-root css-1q1u3t4-MuiTableRow-root\\"
          >
            <td
              class=\\"MuiTableCell-root MuiTableCell-body MuiTableCell-sizeMedium css-1ex1afd-MuiTableCell-root\\"
            >
-             21
+             4
            </td>
            <td
              class=\\"MuiTableCell-root MuiTableCell-body MuiTableCell-sizeMedium css-1ex1afd-MuiTableCell-root\\"
            >
-             Address 10
+             Address 3
            </td>
            <td
              class=\\"MuiTableCell-root MuiTableCell-body MuiTableCell-sizeMedium css-1ex1afd-MuiTableCell-root\\"
            >
-             112578405711671
-           </td>
-         </tr>
-         <tr
-           class=\\"MuiTableRow-root css-1q1u3t4-MuiTableRow-root\\"
-         >
-           <td
-             class=\\"MuiTableCell-root MuiTableCell-body MuiTableCell-sizeMedium css-1ex1afd-MuiTableCell-root\\"
-           >
-             22
-           </td>
-           <td
-             class=\\"MuiTableCell-root MuiTableCell-body MuiTableCell-sizeMedium css-1ex1afd-MuiTableCell-root\\"
-           >
-             Address 11
-           </td>
-           <td
-             class=\\"MuiTableCell-root MuiTableCell-body MuiTableCell-sizeMedium css-1ex1afd-MuiTableCell-root\\"
-           >
-             86223923604685
-           </td>
-         </tr>
-         <tr
-           class=\\"MuiTableRow-root css-1q1u3t4-MuiTableRow-root\\"
-         >
-           <td
-             class=\\"MuiTableCell-root MuiTableCell-body MuiTableCell-sizeMedium css-1ex1afd-MuiTableCell-root\\"
-           >
-             23
-           </td>
-           <td
-             class=\\"MuiTableCell-root MuiTableCell-body MuiTableCell-sizeMedium css-1ex1afd-MuiTableCell-root\\"
-           >
-             Address 12
+             11005900000000000
            </td>
-           <td
-             class=\\"MuiTableCell-root MuiTableCell-body MuiTableCell-sizeMedium css-1ex1afd-MuiTableCell-root\\"
-           >
-             80680176026938
-           </td>
          </tr>
        </tbody>
      </table>
    </div>
    <div
@@ -222,19 +184,20 @@
          </svg>
        </div>
        <p
          class=\\"MuiTablePagination-displayedRows css-levciy-MuiTablePagination-displayedRows\\"
        >
-         11â€“13 of 13
+         1â€“10 of 13
        </p>
        <div
          class=\\"MuiTablePagination-actions\\"
        >
          <button
            aria-label=\\"Go to previous page\\"
-           class=\\"MuiButtonBase-root MuiIconButton-root MuiIconButton-colorInherit MuiIconButton-sizeMedium css-zylse7-MuiButtonBase-root-MuiIconButton-root\\"
-           tabindex=\\"0\\"
+           class=\\"MuiButtonBase-root Mui-disabled MuiIconButton-root Mui-disabled MuiIconButton-colorInherit MuiIconButton-sizeMedium css-zylse7-MuiButtonBase-root-MuiIconButton-root\\"
+           disabled=\\"\\"
+           tabindex=\\"-1\\"
            title=\\"Go to previous page\\"
            type=\\"button\\"
          >
            <svg
              aria-hidden=\\"true\\"
@@ -245,19 +208,15 @@
            >
              <path
                d=\\"M15.41 16.09l-4.58-4.59 4.58-4.59L14 5.5l-6 6 6 6z\\"
              />
            </svg>
-           <span
-             class=\\"MuiTouchRipple-root css-8je8zh-MuiTouchRipple-root\\"
-           />
          </button>
          <button
            aria-label=\\"Go to next page\\"
-           class=\\"MuiButtonBase-root Mui-disabled MuiIconButton-root Mui-disabled MuiIconButton-colorInherit MuiIconButton-sizeMedium css-zylse7-MuiButtonBase-root-MuiIconButton-root\\"
-           disabled=\\"\\"
-           tabindex=\\"-1\\"
+           class=\\"MuiButtonBase-root MuiIconButton-root MuiIconButton-colorInherit MuiIconButton-sizeMedium css-zylse7-MuiButtonBase-root-MuiIconButton-root\\"
+           tabindex=\\"0\\"
            title=\\"Go to next page\\"
            type=\\"button\\"
          >
            <svg
              aria-hidden=\\"true\\"
@@ -268,10 +227,13 @@
            >
              <path
                d=\\"M8.59 16.34l4.58-4.59-4.58-4.59L10 5.75l6 6-6 6z\\"
              />
            </svg>
+           <span
+             class=\\"MuiTouchRipple-root css-8je8zh-MuiTouchRipple-root\\"
+           />
          </button>
        </div>
      </div>
    </div>
  </DocumentFragment>"
`;
